// Jest Snapshot v1, https://goo.gl/fbAQLP

exports[`Spinner presentation should render Spinner component 1`] = `
<div
  className="loader"
>
  Loading...
</div>
`;
